// Jest Snapshot v1, https://goo.gl/fbAQLP

exports[`pagination snapshot matches pagination snapshot 1`] = `null`;
