// Jest Snapshot v1, https://goo.gl/fbAQLP

exports[`LoginForm snapshot Login Form renders snapshot 1`] = `
<div
  className="container"
>
  <div
    className="row"
  >
    <div
      className="col-sm-6 col-md-4 col-md-offset-4"
    >
      <h1
        className="text-center login-title"
      >
        Reset your password
      </h1>
      <div
        className="notifications-wrapper"
        style={Object {}}
      />
      <div
        className="account-wall"
      >
        <img
          alt=""
          className="profile-img"
          src="https://lh5.googleusercontent.com/-b0-k99FZlyE/AAAAAAAAAAI/AAAAAAAAAAA/eu7opA4byxI/photo.jpg?sz=120"
        />
        <form
          className="form-signin"
          onSubmit={[Function]}
        >
          <input
            autoFocus={true}
            className="form-control"
            id="email"
            onChange={[Function]}
            placeholder="Email"
            required={true}
            type="text"
            value=""
          />
          <input
            className="form-control"
            id="pwd"
            onChange={[Function]}
            placeholder="Password"
            required={true}
            type="password"
            value=""
          />
          <input
            className="form-control"
            id="pwd"
            onChange={[Function]}
            placeholder="Confirm Password"
            required={true}
            type="password"
            value=""
          />
          <button
            className="btn btn-lg btn-primary btn-block btn btn-default"
            disabled={false}
            type="submit"
          >
            Reset Password
          </button>
        </form>
      </div>
      <a
        className="text-center new-account"
        href=""
        onClick={undefined}
      >
        Create an account 
      </a>
    </div>
  </div>
</div>
`;
